
- NASM Map file ---------------------------------------------------------------

Source file:  entry.asm
Output file:  C:\Users\BenoitDEKEYN\Desktop\Projets\PacMan\algosup-workshop-master\bin\prog.com

-- Symbols --------------------------------------------------------------------

---- No Section ---------------------------------------------------------------

Value     Name
0000F9FE  base
0000FA04  old_time


---- Section .text ------------------------------------------------------------

Real              Virtual           Name
             103               103  heapInit
             10D               10D  heapAllocParagraph
             118               118  Display_PacMan
             12C               12C  Display_Pinky
             14B               14B  ClearPacMan
             156               156  ClearPinky
             161               161  ClearSprite
             179               179  ClearSprite.eachLine
             188               188  calculate_screen_position
             194               194  calculate_spritesheet_position
             1A0               1A0  draw_sprite
             1A5               1A5  draw_sprite.draw_loop
             1BE               1BE  draw_sprite.low_byte
             1D5               1D5  draw_sprite.transparent_skip
             1E9               1E9  GetClockAndCompare
             1FD               1FD  BuildScreenBuffer
             20B               20B  UpdateScreen
             224               224  SetVideoMode
             230               230  ClearScreen
             236               236  FillScreen
             244               244  BuildBackgroundBuffer
             24F               24F  MazeToBGbuffer
             25E               25E  DisplayMaze
             276               276  FirstDisplayPacMan
             28C               28C  FirstDisplayGhosts
             2B4               2B4  changePinkyPosition
             2D3               2D3  changePinkyPosition.noEyesRight
             2D3               2D3  changePinkyPosition.noXflip
             2F2               2F2  changePinkyPosition.noEyesDown
             2F2               2F2  changePinkyPosition.noYflip
             309               309  start
             31B               31B  gameloop

---- Section .data ------------------------------------------------------------

Real              Virtual           Name
             32C               32C  palette
             33A               33A  spritesheet
            233A              233A  x_PacManPosition
            233C              233C  y_PacManPosition
            233E              233E  frameOf_PacMan
            2340              2340  afraid
            2341              2341  x_BlinkyPosition
            2343              2343  y_BlinkyPosition
            2345              2345  frameOf_Blinky
            2347              2347  frameOf_Blinky_eyes
            2349              2349  x_PinkyPosition
            234B              234B  y_PinkyPosition
            234D              234D  frameOf_Pinky
            234F              234F  frameOf_Pinky_eyes
            2351              2351  x_ClydePosition
            2353              2353  y_ClydePosition
            2355              2355  frameOf_Clyde
            2357              2357  frameOf_Clyde_eyes
            2359              2359  x_InkyPosition
            235B              235B  y_InkyPosition
            235D              235D  frameOf_Inky
            235F              235F  frameOf_Inky_eyes
            2361              2361  x_PacManVelocity
            2363              2363  y_PacManVelocity
            2365              2365  x_BlinkyVelocity
            2367              2367  y_BlinkyVelocity
            2369              2369  x_PinkyVelocity
            236B              236B  y_PinkyVelocity
            236D              236D  x_ClydeVelocity
            236F              236F  y_ClydeVelocity
            2371              2371  x_InkyVelocity
            2373              2373  y_InkyVelocity

---- Section .bss -------------------------------------------------------------

Real              Virtual           Name
            2378              2378  nextFreeSegment
            237A              237A  BackgroundBufferSegment
            237C              237C  ScreenBufferSegment

